﻿
> roll-frontend@0.0.0 build
> vite build

[36mvite v4.5.14 [32mbuilding for production...[36m[39m
transforming...
[32mÔ£ô[39m 46 modules transformed.
[32mÔ£ô built in 2.73s[39m
node.exe : 
[31m[vite:esbuild] 
Transform failed with 2 
errors:
At C:\Program 
Files\nodejs\npm.ps1:29 
char:3
+   & $NODE_EXE 
$NPM_CLI_JS $args
+   ~~~~~~~~~~~~~~~~~~~~~~~
~~~~~~
    + CategoryInfo         
     : NotSpecified: ([3  
  1m[vite:esbu... with 2   
  errors::String) [], R    
emoteException
    + FullyQualifiedErrorI 
   d : NativeCommandError
 
C:/Users/admin/.gemini/anti
gravity/scratch/roll_dung_b
eetle/frontend/src/componen
ts/DAOPage.jsx:146:7: 
ERROR: Multiple exports 
with the same name 
"default"
C:/Users/admin/.gemini/anti
gravity/scratch/roll_dung_b
eetle/frontend/src/componen
ts/DAOPage.jsx:146:24: 
ERROR: The symbol 
"DAOPage" has already been 
declared[39m
file: [36mC:/Users/admin/.
gemini/antigravity/scratch/
roll_dung_beetle/frontend/s
rc/components/DAOPage.jsx:1
46:7[39m
[33m
[33mMultiple exports with 
the same name 
"default"[33m
144|  
145|  
146|  export default 
function DAOPage() {
   |         ^
147|      const { address, 
isConnected } = 
useAccount();
148|  

[33mThe symbol "DAOPage" 
has already been 
declared[33m
144|  
145|  
146|  export default 
function DAOPage() {
   |                       
   ^
147|      const { address, 
isConnected } = 
useAccount();
148|  
[39m
[31merror during build:
Error: Transform failed 
with 2 errors:
C:/Users/admin/.gemini/anti
gravity/scratch/roll_dung_b
eetle/frontend/src/componen
ts/DAOPage.jsx:146:7: 
ERROR: Multiple exports 
with the same name 
"default"
C:/Users/admin/.gemini/anti
gravity/scratch/roll_dung_b
eetle/frontend/src/componen
ts/DAOPage.jsx:146:24: 
ERROR: The symbol 
"DAOPage" has already been 
declared
    at failureErrorWithLog 
(C:\Users\admin\.gemini\ant
igravity\scratch\roll_dung_
beetle\frontend\node_module
s\esbuild\lib\main.js:1649:
15)
    at C:\Users\admin\.gemi
ni\antigravity\scratch\roll
_dung_beetle\frontend\node_
modules\esbuild\lib\main.js
:847:29
    at responseCallbacks.<c
omputed> (C:\Users\admin\.g
emini\antigravity\scratch\r
oll_dung_beetle\frontend\no
de_modules\esbuild\lib\main
.js:703:9)
    at 
handleIncomingPacket (C:\Us
ers\admin\.gemini\antigravi
ty\scratch\roll_dung_beetle
\frontend\node_modules\esbu
ild\lib\main.js:762:9)
    at 
Socket.readFromStdout (C:\U
sers\admin\.gemini\antigrav
ity\scratch\roll_dung_beetl
e\frontend\node_modules\esb
uild\lib\main.js:679:7)
    at Socket.emit 
(node:events:524:28)
    at addChunk (node:inter
nal/streams/readable:561:12
)
    at readableAddChunkPush
ByteMode (node:internal/str
eams/readable:512:3)
    at Readable.push (node:
internal/streams/readable:3
92:5)
    at Pipe.onStreamRead (n
ode:internal/stream_base_co
mmons:189:23)[39m
